[0m10:26:18.592458 [debug] [MainThread]: Sending event: {'category': 'dbt', 'action': 'invocation', 'label': 'start', 'context': [<snowplow_tracker.self_describing_json.SelfDescribingJson object at 0x0000021CC69591F0>, <snowplow_tracker.self_describing_json.SelfDescribingJson object at 0x0000021CC6ED45C0>, <snowplow_tracker.self_describing_json.SelfDescribingJson object at 0x0000021CC913FF50>]}


============================== 10:26:18.612256 | 4eec3b4e-2cd4-44e4-80f7-9094d9e5de92 ==============================
[0m10:26:18.612256 [info ] [MainThread]: Running with dbt=1.11.11
[0m10:26:18.613253 [debug] [MainThread]: running dbt with arguments {'version_check': 'True', 'no_print': 'None', 'static_parser': 'True', 'warn_error_options': 'WarnErrorOptionsV2(error=[], warn=[], silence=[])', 'target_path': 'None', 'printer_width': '80', 'write_json': 'True', 'introspect': 'True', 'log_cache_events': 'False', 'empty': 'None', 'cache_selected_only': 'False', 'fail_fast': 'False', 'debug': 'False', 'log_format': 'default', 'profiles_dir': 'C:\\Users\\Admin\\.dbt', 'send_anonymous_usage_stats': 'True', 'quiet': 'False', 'warn_error': 'None', 'partial_parse': 'True', 'indirect_selection': 'eager', 'invocation_command': 'dbt init', 'use_colors': 'True', 'use_experimental_parser': 'False', 'log_path': 'logs'}
[0m10:26:18.631603 [info ] [MainThread]: Creating dbt configuration folder at C:\Users\Admin\.dbt
[0m10:29:50.436674 [debug] [MainThread]: Starter project path: C:\Users\Admin\AppData\Local\Programs\Python\Python312\Lib\site-packages\dbt\include\starter_project
[0m10:29:50.455425 [info ] [MainThread]: 
Your new dbt project "dbt_docs_view" was created!

For more information on how to configure the profiles.yml file,
please consult the dbt documentation here:

  https://docs.getdbt.com/docs/configure-your-profile

One more thing:

Need help? Don't hesitate to reach out to us via GitHub issues or on Slack:

  https://community.getdbt.com/

Happy modeling!

[0m10:29:50.455425 [info ] [MainThread]: Setting up your profile.
[0m10:42:28.396389 [error] [MainThread]: Encountered an error:

[0m10:42:28.411980 [error] [MainThread]: Traceback (most recent call last):
  File "C:\Users\Admin\AppData\Local\Programs\Python\Python312\Lib\site-packages\dbt\cli\requires.py", line 182, in wrapper
    result, success = func(*args, **kwargs)
                      ^^^^^^^^^^^^^^^^^^^^^
  File "C:\Users\Admin\AppData\Local\Programs\Python\Python312\Lib\site-packages\dbt\cli\requires.py", line 128, in wrapper
    return func(*args, **kwargs)
           ^^^^^^^^^^^^^^^^^^^^^
  File "C:\Users\Admin\AppData\Local\Programs\Python\Python312\Lib\site-packages\dbt\cli\main.py", line 488, in init
    results = task.run()
              ^^^^^^^^^^
  File "C:\Users\Admin\AppData\Local\Programs\Python\Python312\Lib\site-packages\dbt\task\init.py", line 346, in run
    self.setup_profile(profile_name)
  File "C:\Users\Admin\AppData\Local\Programs\Python\Python312\Lib\site-packages\dbt\task\init.py", line 261, in setup_profile
    adapter = self.ask_for_adapter_choice()
              ^^^^^^^^^^^^^^^^^^^^^^^^^^^^^
  File "C:\Users\Admin\AppData\Local\Programs\Python\Python312\Lib\site-packages\dbt\task\init.py", line 242, in ask_for_adapter_choice
    numeric_choice = click.prompt(prompt_msg, type=click.INT)
                     ^^^^^^^^^^^^^^^^^^^^^^^^^^^^^^^^^^^^^^^^
  File "C:\Users\Admin\AppData\Local\Programs\Python\Python312\Lib\site-packages\click\termui.py", line 218, in prompt
    value = prompt_func(prompt)
            ^^^^^^^^^^^^^^^^^^^
  File "C:\Users\Admin\AppData\Local\Programs\Python\Python312\Lib\site-packages\click\termui.py", line 201, in prompt_func
    raise Abort() from None
click.exceptions.Abort

[0m10:42:28.411980 [debug] [MainThread]: Command `dbt init` failed at 10:42:28.411980 after 969.97 seconds
[0m10:42:28.416124 [debug] [MainThread]: Sending event: {'category': 'dbt', 'action': 'invocation', 'label': 'end', 'context': [<snowplow_tracker.self_describing_json.SelfDescribingJson object at 0x0000021CC6052E70>, <snowplow_tracker.self_describing_json.SelfDescribingJson object at 0x0000021CC9B7CF20>, <snowplow_tracker.self_describing_json.SelfDescribingJson object at 0x0000021CC9900CB0>]}
[0m10:42:28.416124 [debug] [MainThread]: Flushing usage events
[0m10:42:29.787018 [debug] [MainThread]: An error was encountered while trying to flush usage events
